RM_INTERP_REPO is /home/ubansal/orcd/scratch/gcm-interp

# conda environments:
#
# * -> active
# + -> frozen
base                 *   /home/ubansal/miniconda
syc                      /home/ubansal/miniconda/envs/syc

RM_INTERP_REPO is /home/ubansal/orcd/scratch/gcm-interp
11200
11200
11200
                                               query  ... jp_rating
0  system\nYou are a helpful assistant.\nuser\nYo...  ...         1
1  system\nYou are a helpful assistant.\nuser\nYo...  ...         1
2  system\nYou are a helpful assistant.\nuser\nYo...  ...         1
3  system\nYou are a helpful assistant.\nuser\nYo...  ...         1
4  system\nYou are a helpful assistant.\nuser\nYo...  ...         1

[5 rows x 17 columns]
Index(['query', 'post-intervention-response', 'original-response', 'filename',
       'data_path_query', 'MODEL_ID', 'SOURCE', 'BASE', 'METHOD', 'N', 'REPS',
       'STEERING_METHOD', 'topk', 'judge_prompt', 'judge_output',
       'judge_rating', 'jp_rating'],
      dtype='object')
Merging DFs on metadata columns...
Grouping and computing accuracies...
  0%|          | 0/112 [00:00<?, ?it/s]  0%|          | 0/112 [00:20<?, ?it/s]
Traceback (most recent call last):
  File "/home/ubansal/miniconda/envs/syc/lib/python3.10/site-packages/pandas/core/indexes/base.py", line 3812, in get_loc
    return self._engine.get_loc(casted_key)
  File "pandas/_libs/index.pyx", line 167, in pandas._libs.index.IndexEngine.get_loc
  File "pandas/_libs/index.pyx", line 196, in pandas._libs.index.IndexEngine.get_loc
  File "pandas/_libs/hashtable_class_helper.pxi", line 7088, in pandas._libs.hashtable.PyObjectHashTable.get_item
  File "pandas/_libs/hashtable_class_helper.pxi", line 7096, in pandas._libs.hashtable.PyObjectHashTable.get_item
KeyError: 'SUB_DIR'

The above exception was the direct cause of the following exception:

Traceback (most recent call last):
  File "/orcd/scratch/orcd/008/ubansal/gcm-interp/results/new-accuracies.py", line 175, in <module>
    f"{row['SUB_DIR']}/"
  File "/home/ubansal/miniconda/envs/syc/lib/python3.10/site-packages/pandas/core/series.py", line 1133, in __getitem__
    return self._get_value(key)
  File "/home/ubansal/miniconda/envs/syc/lib/python3.10/site-packages/pandas/core/series.py", line 1249, in _get_value
    loc = self.index.get_loc(label)
  File "/home/ubansal/miniconda/envs/syc/lib/python3.10/site-packages/pandas/core/indexes/base.py", line 3819, in get_loc
    raise KeyError(key) from err
KeyError: 'SUB_DIR'
