RM_INTERP_REPO is /home/ubansal/orcd/scratch/gcm-interp

# conda environments:
#
# * -> active
# + -> frozen
base                 *   /home/ubansal/miniconda
syc                      /home/ubansal/miniconda/envs/syc

RM_INTERP_REPO is /home/ubansal/orcd/scratch/gcm-interp
11200
11200
11200
                                               query  ... jp_rating
0  system\nYou are a helpful assistant.\nuser\nYo...  ...         1
1  system\nYou are a helpful assistant.\nuser\nYo...  ...         1
2  system\nYou are a helpful assistant.\nuser\nYo...  ...         1
3  system\nYou are a helpful assistant.\nuser\nYo...  ...         1
4  system\nYou are a helpful assistant.\nuser\nYo...  ...         1

[5 rows x 18 columns]
Index(['query', 'post-intervention-response', 'original-response', 'filename',
       'data_path_query', 'MODEL_ID', 'SOURCE', 'BASE', 'METHOD', 'SUB_DIR',
       'N', 'REPS', 'STEERING_METHOD', 'topk', 'judge_prompt', 'judge_output',
       'judge_rating', 'jp_rating'],
      dtype='object')
Merging DFs on metadata columns...
Grouping and computing accuracies...
  0%|          | 0/112 [00:00<?, ?it/s]0.01
  1%|          | 1/112 [00:25<47:43, 25.79s/it]0.03
0.05
0.07
0.09
0.1
0.5
1.0
0.01
0.03
0.05
0.07
0.09
0.1
0.5
1.0
0.01
0.03
0.05
0.07
0.09
0.1
0.5
1.0
0.01
0.03
0.05
0.07
0.09
0.1
0.5
1.0
0.01
0.03
0.05
0.07
0.09
0.1
0.5
1.0
0.01
0.03
0.05
0.07
0.09
0.1
0.5
1.0
0.01
0.03
0.05
0.07
0.09
0.1
0.5
1.0
0.01
0.03
0.05
0.07
0.09
0.1
0.5
1.0
 57%|█████▋    | 64/112 [00:25<00:13,  3.51it/s]0.01
0.03
0.05
0.07
0.09
0.1
0.5
1.0
0.01
0.03
0.05
0.07
0.09
0.1
0.5
1.0
0.01
0.03
0.05
0.07
0.09
0.1
0.5
1.0
0.01
0.03
0.05
0.07
0.09
0.1
0.5
1.0
0.01
0.03
0.05
0.07
0.09
0.1
0.5
1.0
0.01
0.03
0.05
0.07
0.09
0.1
0.5
1.0
100%|██████████| 112/112 [00:26<00:00,  4.27it/s]
