RM_INTERP_REPO is /home/ubansal/orcd/scratch/gcm-interp

# conda environments:
#
# * -> active
# + -> frozen
syc                      /home/ubansal/.conda/envs/syc
base                 *   /home/ubansal/miniconda
syc                      /home/ubansal/miniconda/envs/syc

RM_INTERP_REPO is /home/ubansal/orcd/scratch/gcm-interp
Collecting nnsight==0.4.11
  Using cached nnsight-0.4.11-py3-none-any.whl.metadata (15 kB)
Requirement already satisfied: transformers in /orcd/home/002/ubansal/miniconda/envs/syc/lib/python3.10/site-packages (from nnsight==0.4.11) (5.12.1)
Requirement already satisfied: protobuf in /orcd/home/002/ubansal/miniconda/envs/syc/lib/python3.10/site-packages (from nnsight==0.4.11) (7.35.1)
Collecting python-socketio[client] (from nnsight==0.4.11)
  Downloading python_socketio-5.16.3-py3-none-any.whl.metadata (3.3 kB)
Requirement already satisfied: tokenizers>=0.13.0 in /orcd/home/002/ubansal/miniconda/envs/syc/lib/python3.10/site-packages (from nnsight==0.4.11) (0.22.2)
Requirement already satisfied: pydantic>=2.9.0 in /orcd/home/002/ubansal/miniconda/envs/syc/lib/python3.10/site-packages (from nnsight==0.4.11) (2.13.4)
Requirement already satisfied: torch>=2.4.0 in /orcd/home/002/ubansal/miniconda/envs/syc/lib/python3.10/site-packages (from nnsight==0.4.11) (2.7.0)
Requirement already satisfied: sentencepiece in /orcd/home/002/ubansal/miniconda/envs/syc/lib/python3.10/site-packages (from nnsight==0.4.11) (0.2.1)
Collecting torchvision (from nnsight==0.4.11)
  Using cached torchvision-0.27.1-cp310-cp310-manylinux_2_28_x86_64.whl.metadata (5.5 kB)
Requirement already satisfied: accelerate in /orcd/home/002/ubansal/miniconda/envs/syc/lib/python3.10/site-packages (from nnsight==0.4.11) (1.14.0)
Collecting diffusers (from nnsight==0.4.11)
  Using cached diffusers-0.38.0-py3-none-any.whl.metadata (20 kB)
Requirement already satisfied: einops in /orcd/home/002/ubansal/miniconda/envs/syc/lib/python3.10/site-packages (from nnsight==0.4.11) (0.8.2)
Collecting msgspec (from nnsight==0.4.11)
  Using cached msgspec-0.21.1-cp310-cp310-manylinux2014_x86_64.manylinux_2_17_x86_64.manylinux_2_28_x86_64.whl.metadata (5.8 kB)
Collecting toml (from nnsight==0.4.11)
  Using cached toml-0.10.2-py2.py3-none-any.whl.metadata (7.1 kB)
Requirement already satisfied: ipython in /orcd/home/002/ubansal/miniconda/envs/syc/lib/python3.10/site-packages (from nnsight==0.4.11) (8.39.0)
Requirement already satisfied: annotated-types>=0.6.0 in /orcd/home/002/ubansal/miniconda/envs/syc/lib/python3.10/site-packages (from pydantic>=2.9.0->nnsight==0.4.11) (0.7.0)
Requirement already satisfied: pydantic-core==2.46.4 in /orcd/home/002/ubansal/miniconda/envs/syc/lib/python3.10/site-packages (from pydantic>=2.9.0->nnsight==0.4.11) (2.46.4)
Requirement already satisfied: typing-extensions>=4.14.1 in /orcd/home/002/ubansal/miniconda/envs/syc/lib/python3.10/site-packages (from pydantic>=2.9.0->nnsight==0.4.11) (4.15.0)
Requirement already satisfied: typing-inspection>=0.4.2 in /orcd/home/002/ubansal/miniconda/envs/syc/lib/python3.10/site-packages (from pydantic>=2.9.0->nnsight==0.4.11) (0.4.2)
Requirement already satisfied: huggingface-hub<2.0,>=0.16.4 in /orcd/home/002/ubansal/miniconda/envs/syc/lib/python3.10/site-packages (from tokenizers>=0.13.0->nnsight==0.4.11) (1.20.1)
Requirement already satisfied: click>=8.4.0 in /orcd/home/002/ubansal/miniconda/envs/syc/lib/python3.10/site-packages (from huggingface-hub<2.0,>=0.16.4->tokenizers>=0.13.0->nnsight==0.4.11) (8.4.1)
Requirement already satisfied: filelock>=3.10.0 in /orcd/home/002/ubansal/miniconda/envs/syc/lib/python3.10/site-packages (from huggingface-hub<2.0,>=0.16.4->tokenizers>=0.13.0->nnsight==0.4.11) (3.29.4)
Requirement already satisfied: fsspec>=2023.5.0 in /orcd/home/002/ubansal/miniconda/envs/syc/lib/python3.10/site-packages (from huggingface-hub<2.0,>=0.16.4->tokenizers>=0.13.0->nnsight==0.4.11) (2026.4.0)
Requirement already satisfied: hf-xet<2.0.0,>=1.5.1 in /orcd/home/002/ubansal/miniconda/envs/syc/lib/python3.10/site-packages (from huggingface-hub<2.0,>=0.16.4->tokenizers>=0.13.0->nnsight==0.4.11) (1.5.1)
Requirement already satisfied: httpx<1,>=0.23.0 in /orcd/home/002/ubansal/miniconda/envs/syc/lib/python3.10/site-packages (from huggingface-hub<2.0,>=0.16.4->tokenizers>=0.13.0->nnsight==0.4.11) (0.28.1)
Requirement already satisfied: packaging>=20.9 in /orcd/home/002/ubansal/miniconda/envs/syc/lib/python3.10/site-packages (from huggingface-hub<2.0,>=0.16.4->tokenizers>=0.13.0->nnsight==0.4.11) (26.0)
Requirement already satisfied: pyyaml>=5.1 in /orcd/home/002/ubansal/miniconda/envs/syc/lib/python3.10/site-packages (from huggingface-hub<2.0,>=0.16.4->tokenizers>=0.13.0->nnsight==0.4.11) (6.0.3)
Requirement already satisfied: tqdm>=4.42.1 in /orcd/home/002/ubansal/miniconda/envs/syc/lib/python3.10/site-packages (from huggingface-hub<2.0,>=0.16.4->tokenizers>=0.13.0->nnsight==0.4.11) (4.68.3)
Requirement already satisfied: typer<0.26.0,>=0.20.0 in /orcd/home/002/ubansal/miniconda/envs/syc/lib/python3.10/site-packages (from huggingface-hub<2.0,>=0.16.4->tokenizers>=0.13.0->nnsight==0.4.11) (0.25.1)
Requirement already satisfied: anyio in /orcd/home/002/ubansal/miniconda/envs/syc/lib/python3.10/site-packages (from httpx<1,>=0.23.0->huggingface-hub<2.0,>=0.16.4->tokenizers>=0.13.0->nnsight==0.4.11) (4.14.0)
Requirement already satisfied: certifi in /orcd/home/002/ubansal/miniconda/envs/syc/lib/python3.10/site-packages (from httpx<1,>=0.23.0->huggingface-hub<2.0,>=0.16.4->tokenizers>=0.13.0->nnsight==0.4.11) (2026.6.17)
Requirement already satisfied: httpcore==1.* in /orcd/home/002/ubansal/miniconda/envs/syc/lib/python3.10/site-packages (from httpx<1,>=0.23.0->huggingface-hub<2.0,>=0.16.4->tokenizers>=0.13.0->nnsight==0.4.11) (1.0.9)
Requirement already satisfied: idna in /orcd/home/002/ubansal/miniconda/envs/syc/lib/python3.10/site-packages (from httpx<1,>=0.23.0->huggingface-hub<2.0,>=0.16.4->tokenizers>=0.13.0->nnsight==0.4.11) (3.18)
Requirement already satisfied: h11>=0.16 in /orcd/home/002/ubansal/miniconda/envs/syc/lib/python3.10/site-packages (from httpcore==1.*->httpx<1,>=0.23.0->huggingface-hub<2.0,>=0.16.4->tokenizers>=0.13.0->nnsight==0.4.11) (0.16.0)
Requirement already satisfied: shellingham>=1.3.0 in /orcd/home/002/ubansal/miniconda/envs/syc/lib/python3.10/site-packages (from typer<0.26.0,>=0.20.0->huggingface-hub<2.0,>=0.16.4->tokenizers>=0.13.0->nnsight==0.4.11) (1.5.4)
Requirement already satisfied: rich>=13.8.0 in /orcd/home/002/ubansal/miniconda/envs/syc/lib/python3.10/site-packages (from typer<0.26.0,>=0.20.0->huggingface-hub<2.0,>=0.16.4->tokenizers>=0.13.0->nnsight==0.4.11) (15.0.0)
Requirement already satisfied: annotated-doc>=0.0.2 in /orcd/home/002/ubansal/miniconda/envs/syc/lib/python3.10/site-packages (from typer<0.26.0,>=0.20.0->huggingface-hub<2.0,>=0.16.4->tokenizers>=0.13.0->nnsight==0.4.11) (0.0.4)
Requirement already satisfied: markdown-it-py>=2.2.0 in /orcd/home/002/ubansal/miniconda/envs/syc/lib/python3.10/site-packages (from rich>=13.8.0->typer<0.26.0,>=0.20.0->huggingface-hub<2.0,>=0.16.4->tokenizers>=0.13.0->nnsight==0.4.11) (4.2.0)
Requirement already satisfied: pygments<3.0.0,>=2.13.0 in /orcd/home/002/ubansal/miniconda/envs/syc/lib/python3.10/site-packages (from rich>=13.8.0->typer<0.26.0,>=0.20.0->huggingface-hub<2.0,>=0.16.4->tokenizers>=0.13.0->nnsight==0.4.11) (2.20.0)
Requirement already satisfied: mdurl~=0.1 in /orcd/home/002/ubansal/miniconda/envs/syc/lib/python3.10/site-packages (from markdown-it-py>=2.2.0->rich>=13.8.0->typer<0.26.0,>=0.20.0->huggingface-hub<2.0,>=0.16.4->tokenizers>=0.13.0->nnsight==0.4.11) (0.1.2)
Requirement already satisfied: sympy>=1.13.3 in /orcd/home/002/ubansal/miniconda/envs/syc/lib/python3.10/site-packages (from torch>=2.4.0->nnsight==0.4.11) (1.14.0)
Requirement already satisfied: networkx in /orcd/home/002/ubansal/miniconda/envs/syc/lib/python3.10/site-packages (from torch>=2.4.0->nnsight==0.4.11) (3.4.2)
Requirement already satisfied: jinja2 in /orcd/home/002/ubansal/miniconda/envs/syc/lib/python3.10/site-packages (from torch>=2.4.0->nnsight==0.4.11) (3.1.6)
Requirement already satisfied: nvidia-cuda-nvrtc-cu12==12.6.77 in /orcd/home/002/ubansal/miniconda/envs/syc/lib/python3.10/site-packages (from torch>=2.4.0->nnsight==0.4.11) (12.6.77)
Requirement already satisfied: nvidia-cuda-runtime-cu12==12.6.77 in /orcd/home/002/ubansal/miniconda/envs/syc/lib/python3.10/site-packages (from torch>=2.4.0->nnsight==0.4.11) (12.6.77)
Requirement already satisfied: nvidia-cuda-cupti-cu12==12.6.80 in /orcd/home/002/ubansal/miniconda/envs/syc/lib/python3.10/site-packages (from torch>=2.4.0->nnsight==0.4.11) (12.6.80)
Requirement already satisfied: nvidia-cudnn-cu12==9.5.1.17 in /orcd/home/002/ubansal/miniconda/envs/syc/lib/python3.10/site-packages (from torch>=2.4.0->nnsight==0.4.11) (9.5.1.17)
Requirement already satisfied: nvidia-cublas-cu12==12.6.4.1 in /orcd/home/002/ubansal/miniconda/envs/syc/lib/python3.10/site-packages (from torch>=2.4.0->nnsight==0.4.11) (12.6.4.1)
Requirement already satisfied: nvidia-cufft-cu12==11.3.0.4 in /orcd/home/002/ubansal/miniconda/envs/syc/lib/python3.10/site-packages (from torch>=2.4.0->nnsight==0.4.11) (11.3.0.4)
Requirement already satisfied: nvidia-curand-cu12==10.3.7.77 in /orcd/home/002/ubansal/miniconda/envs/syc/lib/python3.10/site-packages (from torch>=2.4.0->nnsight==0.4.11) (10.3.7.77)
Requirement already satisfied: nvidia-cusolver-cu12==11.7.1.2 in /orcd/home/002/ubansal/miniconda/envs/syc/lib/python3.10/site-packages (from torch>=2.4.0->nnsight==0.4.11) (11.7.1.2)
Requirement already satisfied: nvidia-cusparse-cu12==12.5.4.2 in /orcd/home/002/ubansal/miniconda/envs/syc/lib/python3.10/site-packages (from torch>=2.4.0->nnsight==0.4.11) (12.5.4.2)
Requirement already satisfied: nvidia-cusparselt-cu12==0.6.3 in /orcd/home/002/ubansal/miniconda/envs/syc/lib/python3.10/site-packages (from torch>=2.4.0->nnsight==0.4.11) (0.6.3)
Requirement already satisfied: nvidia-nccl-cu12==2.26.2 in /orcd/home/002/ubansal/miniconda/envs/syc/lib/python3.10/site-packages (from torch>=2.4.0->nnsight==0.4.11) (2.26.2)
Requirement already satisfied: nvidia-nvtx-cu12==12.6.77 in /orcd/home/002/ubansal/miniconda/envs/syc/lib/python3.10/site-packages (from torch>=2.4.0->nnsight==0.4.11) (12.6.77)
Requirement already satisfied: nvidia-nvjitlink-cu12==12.6.85 in /orcd/home/002/ubansal/miniconda/envs/syc/lib/python3.10/site-packages (from torch>=2.4.0->nnsight==0.4.11) (12.6.85)
Requirement already satisfied: nvidia-cufile-cu12==1.11.1.6 in /orcd/home/002/ubansal/miniconda/envs/syc/lib/python3.10/site-packages (from torch>=2.4.0->nnsight==0.4.11) (1.11.1.6)
Requirement already satisfied: triton==3.3.0 in /orcd/home/002/ubansal/miniconda/envs/syc/lib/python3.10/site-packages (from torch>=2.4.0->nnsight==0.4.11) (3.3.0)
Requirement already satisfied: setuptools>=40.8.0 in /orcd/home/002/ubansal/miniconda/envs/syc/lib/python3.10/site-packages (from triton==3.3.0->torch>=2.4.0->nnsight==0.4.11) (82.0.1)
Requirement already satisfied: mpmath<1.4,>=1.1.0 in /orcd/home/002/ubansal/miniconda/envs/syc/lib/python3.10/site-packages (from sympy>=1.13.3->torch>=2.4.0->nnsight==0.4.11) (1.3.0)
Requirement already satisfied: numpy>=1.17 in /orcd/home/002/ubansal/miniconda/envs/syc/lib/python3.10/site-packages (from accelerate->nnsight==0.4.11) (2.2.6)
Requirement already satisfied: psutil in /orcd/home/002/ubansal/miniconda/envs/syc/lib/python3.10/site-packages (from accelerate->nnsight==0.4.11) (7.2.2)
Requirement already satisfied: safetensors>=0.4.3 in /orcd/home/002/ubansal/miniconda/envs/syc/lib/python3.10/site-packages (from accelerate->nnsight==0.4.11) (0.8.0)
Requirement already satisfied: exceptiongroup>=1.0.2 in /orcd/home/002/ubansal/miniconda/envs/syc/lib/python3.10/site-packages (from anyio->httpx<1,>=0.23.0->huggingface-hub<2.0,>=0.16.4->tokenizers>=0.13.0->nnsight==0.4.11) (1.3.1)
Collecting importlib_metadata (from diffusers->nnsight==0.4.11)
  Downloading importlib_metadata-9.0.0-py3-none-any.whl.metadata (4.5 kB)
Requirement already satisfied: regex!=2019.12.17 in /orcd/home/002/ubansal/miniconda/envs/syc/lib/python3.10/site-packages (from diffusers->nnsight==0.4.11) (2026.5.9)
Requirement already satisfied: requests in /orcd/home/002/ubansal/miniconda/envs/syc/lib/python3.10/site-packages (from diffusers->nnsight==0.4.11) (2.34.2)
Requirement already satisfied: Pillow in /orcd/home/002/ubansal/miniconda/envs/syc/lib/python3.10/site-packages (from diffusers->nnsight==0.4.11) (12.2.0)
Collecting zipp>=3.20 (from importlib_metadata->diffusers->nnsight==0.4.11)
  Downloading zipp-4.1.0-py3-none-any.whl.metadata (3.6 kB)
Requirement already satisfied: decorator in /orcd/home/002/ubansal/miniconda/envs/syc/lib/python3.10/site-packages (from ipython->nnsight==0.4.11) (5.3.1)
Requirement already satisfied: jedi>=0.16 in /orcd/home/002/ubansal/miniconda/envs/syc/lib/python3.10/site-packages (from ipython->nnsight==0.4.11) (0.20.0)
Requirement already satisfied: matplotlib-inline in /orcd/home/002/ubansal/miniconda/envs/syc/lib/python3.10/site-packages (from ipython->nnsight==0.4.11) (0.2.2)
Requirement already satisfied: pexpect>4.3 in /orcd/home/002/ubansal/miniconda/envs/syc/lib/python3.10/site-packages (from ipython->nnsight==0.4.11) (4.9.0)
Requirement already satisfied: prompt_toolkit<3.1.0,>=3.0.41 in /orcd/home/002/ubansal/miniconda/envs/syc/lib/python3.10/site-packages (from ipython->nnsight==0.4.11) (3.0.52)
Requirement already satisfied: stack_data in /orcd/home/002/ubansal/miniconda/envs/syc/lib/python3.10/site-packages (from ipython->nnsight==0.4.11) (0.6.3)
Requirement already satisfied: traitlets>=5.13.0 in /orcd/home/002/ubansal/miniconda/envs/syc/lib/python3.10/site-packages (from ipython->nnsight==0.4.11) (5.15.1)
Requirement already satisfied: wcwidth in /orcd/home/002/ubansal/miniconda/envs/syc/lib/python3.10/site-packages (from prompt_toolkit<3.1.0,>=3.0.41->ipython->nnsight==0.4.11) (0.8.1)
Requirement already satisfied: parso<0.9.0,>=0.8.6 in /orcd/home/002/ubansal/miniconda/envs/syc/lib/python3.10/site-packages (from jedi>=0.16->ipython->nnsight==0.4.11) (0.8.7)
Requirement already satisfied: ptyprocess>=0.5 in /orcd/home/002/ubansal/miniconda/envs/syc/lib/python3.10/site-packages (from pexpect>4.3->ipython->nnsight==0.4.11) (0.7.0)
Requirement already satisfied: MarkupSafe>=2.0 in /orcd/home/002/ubansal/miniconda/envs/syc/lib/python3.10/site-packages (from jinja2->torch>=2.4.0->nnsight==0.4.11) (3.0.3)
Collecting bidict>=0.21.0 (from python-socketio[client]->nnsight==0.4.11)
  Using cached bidict-0.23.1-py3-none-any.whl.metadata (8.7 kB)
Collecting python-engineio>=4.13.2 (from python-socketio[client]->nnsight==0.4.11)
  Downloading python_engineio-4.13.3-py3-none-any.whl.metadata (2.3 kB)
Requirement already satisfied: websocket-client>=0.54.0 in /orcd/home/002/ubansal/miniconda/envs/syc/lib/python3.10/site-packages (from python-socketio[client]->nnsight==0.4.11) (1.9.0)
Collecting simple-websocket>=0.10.0 (from python-engineio>=4.13.2->python-socketio[client]->nnsight==0.4.11)
  Using cached simple_websocket-1.1.0-py3-none-any.whl.metadata (1.5 kB)
Requirement already satisfied: charset_normalizer<4,>=2 in /orcd/home/002/ubansal/miniconda/envs/syc/lib/python3.10/site-packages (from requests->diffusers->nnsight==0.4.11) (3.4.7)
Requirement already satisfied: urllib3<3,>=1.26 in /orcd/home/002/ubansal/miniconda/envs/syc/lib/python3.10/site-packages (from requests->diffusers->nnsight==0.4.11) (2.7.0)
Collecting wsproto (from simple-websocket>=0.10.0->python-engineio>=4.13.2->python-socketio[client]->nnsight==0.4.11)
  Downloading wsproto-1.3.2-py3-none-any.whl.metadata (5.2 kB)
Requirement already satisfied: executing>=1.2.0 in /orcd/home/002/ubansal/miniconda/envs/syc/lib/python3.10/site-packages (from stack_data->ipython->nnsight==0.4.11) (2.2.1)
Requirement already satisfied: asttokens>=2.1.0 in /orcd/home/002/ubansal/miniconda/envs/syc/lib/python3.10/site-packages (from stack_data->ipython->nnsight==0.4.11) (3.0.1)
Requirement already satisfied: pure-eval in /orcd/home/002/ubansal/miniconda/envs/syc/lib/python3.10/site-packages (from stack_data->ipython->nnsight==0.4.11) (0.2.3)
Collecting torch>=2.4.0 (from nnsight==0.4.11)
  Using cached torch-2.12.1-cp310-cp310-manylinux_2_28_x86_64.whl.metadata (31 kB)
Collecting setuptools>=40.8.0 (from triton==3.3.0->torch>=2.4.0->nnsight==0.4.11)
  Using cached setuptools-81.0.0-py3-none-any.whl.metadata (6.6 kB)
Collecting cuda-toolkit==13.0.2 (from cuda-toolkit[cudart,cufft,cufile,cupti,curand,cusolver,cusparse,nvjitlink,nvrtc,nvtx]==13.0.2; platform_system == "Linux"->torch>=2.4.0->nnsight==0.4.11)
  Using cached cuda_toolkit-13.0.2-py2.py3-none-any.whl.metadata (9.4 kB)
Collecting nvidia-cublas<=13.1.1.3,>=13.1.0.3 (from torch>=2.4.0->nnsight==0.4.11)
  Using cached nvidia_cublas-13.1.1.3-py3-none-manylinux_2_27_x86_64.whl.metadata (1.8 kB)
Collecting cuda-bindings<14,>=13.0.3 (from torch>=2.4.0->nnsight==0.4.11)
  Using cached cuda_bindings-13.3.1-cp310-cp310-manylinux_2_24_x86_64.manylinux_2_28_x86_64.whl.metadata (2.5 kB)
Collecting nvidia-cudnn-cu13==9.20.0.48 (from torch>=2.4.0->nnsight==0.4.11)
  Using cached nvidia_cudnn_cu13-9.20.0.48-py3-none-manylinux_2_27_x86_64.whl.metadata (1.9 kB)
Collecting nvidia-cusparselt-cu13==0.8.1 (from torch>=2.4.0->nnsight==0.4.11)
  Using cached nvidia_cusparselt_cu13-0.8.1-py3-none-manylinux2014_x86_64.whl.metadata (12 kB)
Collecting nvidia-nccl-cu13==2.29.7 (from torch>=2.4.0->nnsight==0.4.11)
  Using cached nvidia_nccl_cu13-2.29.7-py3-none-manylinux_2_18_x86_64.whl.metadata (2.1 kB)
Collecting nvidia-nvshmem-cu13==3.4.5 (from torch>=2.4.0->nnsight==0.4.11)
  Using cached nvidia_nvshmem_cu13-3.4.5-py3-none-manylinux2014_x86_64.manylinux_2_17_x86_64.whl.metadata (2.1 kB)
Collecting triton==3.7.1 (from torch>=2.4.0->nnsight==0.4.11)
  Using cached triton-3.7.1-cp310-cp310-manylinux_2_27_x86_64.manylinux_2_28_x86_64.whl.metadata (1.7 kB)
Collecting nvidia-cuda-runtime==13.0.96.* (from cuda-toolkit[cudart,cufft,cufile,cupti,curand,cusolver,cusparse,nvjitlink,nvrtc,nvtx]==13.0.2; platform_system == "Linux"->torch>=2.4.0->nnsight==0.4.11)
  Using cached nvidia_cuda_runtime-13.0.96-py3-none-manylinux2014_x86_64.manylinux_2_17_x86_64.whl.metadata (1.7 kB)
Collecting nvidia-curand==10.4.0.35.* (from cuda-toolkit[cudart,cufft,cufile,cupti,curand,cusolver,cusparse,nvjitlink,nvrtc,nvtx]==13.0.2; platform_system == "Linux"->torch>=2.4.0->nnsight==0.4.11)
  Using cached nvidia_curand-10.4.0.35-py3-none-manylinux_2_27_x86_64.whl.metadata (1.7 kB)
Collecting nvidia-nvtx==13.0.85.* (from cuda-toolkit[cudart,cufft,cufile,cupti,curand,cusolver,cusparse,nvjitlink,nvrtc,nvtx]==13.0.2; platform_system == "Linux"->torch>=2.4.0->nnsight==0.4.11)
  Using cached nvidia_nvtx-13.0.85-py3-none-manylinux1_x86_64.manylinux_2_5_x86_64.whl.metadata (1.8 kB)
Collecting nvidia-cusolver==12.0.4.66.* (from cuda-toolkit[cudart,cufft,cufile,cupti,curand,cusolver,cusparse,nvjitlink,nvrtc,nvtx]==13.0.2; platform_system == "Linux"->torch>=2.4.0->nnsight==0.4.11)
  Using cached nvidia_cusolver-12.0.4.66-py3-none-manylinux_2_27_x86_64.whl.metadata (1.8 kB)
Collecting nvidia-cufile==1.15.1.6.* (from cuda-toolkit[cudart,cufft,cufile,cupti,curand,cusolver,cusparse,nvjitlink,nvrtc,nvtx]==13.0.2; platform_system == "Linux"->torch>=2.4.0->nnsight==0.4.11)
  Using cached nvidia_cufile-1.15.1.6-py3-none-manylinux2014_x86_64.manylinux_2_17_x86_64.whl.metadata (1.7 kB)
Collecting nvidia-cusparse==12.6.3.3.* (from cuda-toolkit[cudart,cufft,cufile,cupti,curand,cusolver,cusparse,nvjitlink,nvrtc,nvtx]==13.0.2; platform_system == "Linux"->torch>=2.4.0->nnsight==0.4.11)
  Using cached nvidia_cusparse-12.6.3.3-py3-none-manylinux2014_x86_64.manylinux_2_17_x86_64.whl.metadata (1.8 kB)
Collecting nvidia-cuda-cupti==13.0.85.* (from cuda-toolkit[cudart,cufft,cufile,cupti,curand,cusolver,cusparse,nvjitlink,nvrtc,nvtx]==13.0.2; platform_system == "Linux"->torch>=2.4.0->nnsight==0.4.11)
  Using cached nvidia_cuda_cupti-13.0.85-py3-none-manylinux_2_25_x86_64.whl.metadata (1.7 kB)
Collecting nvidia-cuda-nvrtc==13.0.88.* (from cuda-toolkit[cudart,cufft,cufile,cupti,curand,cusolver,cusparse,nvjitlink,nvrtc,nvtx]==13.0.2; platform_system == "Linux"->torch>=2.4.0->nnsight==0.4.11)
  Using cached nvidia_cuda_nvrtc-13.0.88-py3-none-manylinux2010_x86_64.manylinux_2_12_x86_64.whl.metadata (1.7 kB)
Collecting nvidia-cufft==12.0.0.61.* (from cuda-toolkit[cudart,cufft,cufile,cupti,curand,cusolver,cusparse,nvjitlink,nvrtc,nvtx]==13.0.2; platform_system == "Linux"->torch>=2.4.0->nnsight==0.4.11)
  Using cached nvidia_cufft-12.0.0.61-py3-none-manylinux2014_x86_64.manylinux_2_17_x86_64.whl.metadata (1.8 kB)
Collecting nvidia-nvjitlink==13.0.88.* (from cuda-toolkit[cudart,cufft,cufile,cupti,curand,cusolver,cusparse,nvjitlink,nvrtc,nvtx]==13.0.2; platform_system == "Linux"->torch>=2.4.0->nnsight==0.4.11)
  Using cached nvidia_nvjitlink-13.0.88-py3-none-manylinux2010_x86_64.manylinux_2_12_x86_64.whl.metadata (1.7 kB)
Collecting cuda-pathfinder>=1.4.2 (from cuda-bindings<14,>=13.0.3->torch>=2.4.0->nnsight==0.4.11)
  Using cached cuda_pathfinder-1.5.5-py3-none-any.whl.metadata (1.9 kB)
Using cached nnsight-0.4.11-py3-none-any.whl (103 kB)
Downloading diffusers-0.38.0-py3-none-any.whl (5.2 MB)
   ━━━━━━━━━━━━━━━━━━━━━━━━━━━━━━━━━━━━━━━━ 5.2/5.2 MB 56.1 MB/s  0:00:00
Downloading importlib_metadata-9.0.0-py3-none-any.whl (27 kB)
Downloading zipp-4.1.0-py3-none-any.whl (10 kB)
Downloading msgspec-0.21.1-cp310-cp310-manylinux2014_x86_64.manylinux_2_17_x86_64.manylinux_2_28_x86_64.whl (222 kB)
Downloading python_socketio-5.16.3-py3-none-any.whl (82 kB)
Using cached bidict-0.23.1-py3-none-any.whl (32 kB)
Downloading python_engineio-4.13.3-py3-none-any.whl (59 kB)
Using cached simple_websocket-1.1.0-py3-none-any.whl (13 kB)
Using cached toml-0.10.2-py2.py3-none-any.whl (16 kB)
Downloading torchvision-0.27.1-cp310-cp310-manylinux_2_28_x86_64.whl (7.7 MB)
   ━━━━━━━━━━━━━━━━━━━━━━━━━━━━━━━━━━━━━━━━ 7.7/7.7 MB 94.4 MB/s  0:00:00
Using cached torch-2.12.1-cp310-cp310-manylinux_2_28_x86_64.whl (532.1 MB)
Using cached cuda_toolkit-13.0.2-py2.py3-none-any.whl (2.4 kB)
Using cached nvidia_cudnn_cu13-9.20.0.48-py3-none-manylinux_2_27_x86_64.whl (366.2 MB)
Using cached nvidia_cusparselt_cu13-0.8.1-py3-none-manylinux2014_x86_64.whl (170.1 MB)
Using cached nvidia_nccl_cu13-2.29.7-py3-none-manylinux_2_18_x86_64.whl (206.0 MB)
Using cached nvidia_nvshmem_cu13-3.4.5-py3-none-manylinux2014_x86_64.manylinux_2_17_x86_64.whl (60.4 MB)
Using cached triton-3.7.1-cp310-cp310-manylinux_2_27_x86_64.manylinux_2_28_x86_64.whl (197.6 MB)
Using cached cuda_bindings-13.3.1-cp310-cp310-manylinux_2_24_x86_64.manylinux_2_28_x86_64.whl (6.7 MB)
Using cached nvidia_cublas-13.1.1.3-py3-none-manylinux_2_27_x86_64.whl (423.1 MB)
Using cached nvidia_cuda_cupti-13.0.85-py3-none-manylinux_2_25_x86_64.whl (10.7 MB)
Using cached nvidia_cuda_nvrtc-13.0.88-py3-none-manylinux2010_x86_64.manylinux_2_12_x86_64.whl (90.2 MB)
Using cached nvidia_cuda_runtime-13.0.96-py3-none-manylinux2014_x86_64.manylinux_2_17_x86_64.whl (2.2 MB)
Using cached nvidia_cufft-12.0.0.61-py3-none-manylinux2014_x86_64.manylinux_2_17_x86_64.whl (214.1 MB)
Using cached nvidia_cufile-1.15.1.6-py3-none-manylinux2014_x86_64.manylinux_2_17_x86_64.whl (1.2 MB)
Using cached nvidia_curand-10.4.0.35-py3-none-manylinux_2_27_x86_64.whl (59.5 MB)
Using cached nvidia_cusolver-12.0.4.66-py3-none-manylinux_2_27_x86_64.whl (200.9 MB)
Using cached nvidia_cusparse-12.6.3.3-py3-none-manylinux2014_x86_64.manylinux_2_17_x86_64.whl (145.9 MB)
Using cached nvidia_nvjitlink-13.0.88-py3-none-manylinux2010_x86_64.manylinux_2_12_x86_64.whl (40.7 MB)
Using cached nvidia_nvtx-13.0.85-py3-none-manylinux1_x86_64.manylinux_2_5_x86_64.whl (148 kB)
Using cached setuptools-81.0.0-py3-none-any.whl (1.1 MB)
Using cached cuda_pathfinder-1.5.5-py3-none-any.whl (51 kB)
Downloading wsproto-1.3.2-py3-none-any.whl (24 kB)
Installing collected packages: nvidia-cusparselt-cu13, cuda-toolkit, zipp, wsproto, triton, toml, setuptools, nvidia-nvtx, nvidia-nvshmem-cu13, nvidia-nvjitlink, nvidia-nccl-cu13, nvidia-curand, nvidia-cufile, nvidia-cuda-runtime, nvidia-cuda-nvrtc, nvidia-cuda-cupti, msgspec, cuda-pathfinder, bidict, simple-websocket, nvidia-cusparse, nvidia-cufft, nvidia-cublas, importlib_metadata, cuda-bindings, python-engineio, nvidia-cusolver, nvidia-cudnn-cu13, python-socketio, torch, diffusers, torchvision, nnsight
  Attempting uninstall: triton
    Found existing installation: triton 3.3.0
    Uninstalling triton-3.3.0:
      Successfully uninstalled triton-3.3.0
  Attempting uninstall: setuptools
    Found existing installation: setuptools 82.0.1
    Uninstalling setuptools-82.0.1:
      Successfully uninstalled setuptools-82.0.1
  Attempting uninstall: torch
    Found existing installation: torch 2.7.0
    Uninstalling torch-2.7.0:
      Successfully uninstalled torch-2.7.0

ERROR: pip's dependency resolver does not currently take into account all the packages that are installed. This behaviour is the source of the following dependency conflicts.
pyreft 0.1.0 requires transformers==4.45.1, but you have transformers 5.12.1 which is incompatible.
Successfully installed bidict-0.23.1 cuda-bindings-13.3.1 cuda-pathfinder-1.5.5 cuda-toolkit-13.0.2 diffusers-0.38.0 importlib_metadata-9.0.0 msgspec-0.21.1 nnsight-0.4.11 nvidia-cublas-13.1.1.3 nvidia-cuda-cupti-13.0.85 nvidia-cuda-nvrtc-13.0.88 nvidia-cuda-runtime-13.0.96 nvidia-cudnn-cu13-9.20.0.48 nvidia-cufft-12.0.0.61 nvidia-cufile-1.15.1.6 nvidia-curand-10.4.0.35 nvidia-cusolver-12.0.4.66 nvidia-cusparse-12.6.3.3 nvidia-cusparselt-cu13-0.8.1 nvidia-nccl-cu13-2.29.7 nvidia-nvjitlink-13.0.88 nvidia-nvshmem-cu13-3.4.5 nvidia-nvtx-13.0.85 python-engineio-4.13.3 python-socketio-5.16.3 setuptools-81.0.0 simple-websocket-1.1.0 toml-0.10.2 torch-2.12.1 torchvision-0.27.1 triton-3.7.1 wsproto-1.3.2 zipp-4.1.0
Traceback (most recent call last):
  File "/orcd/scratch/orcd/008/ubansal/gcm-interp/run.py", line 2, in <module>
    from config import Config
  File "/orcd/scratch/orcd/008/ubansal/gcm-interp/config.py", line 9, in <module>
    import yaml
ModuleNotFoundError: No module named 'yaml'
Traceback (most recent call last):
  File "/orcd/scratch/orcd/008/ubansal/gcm-interp/run.py", line 2, in <module>
    from config import Config
  File "/orcd/scratch/orcd/008/ubansal/gcm-interp/config.py", line 9, in <module>
    import yaml
ModuleNotFoundError: No module named 'yaml'
Traceback (most recent call last):
  File "/orcd/scratch/orcd/008/ubansal/gcm-interp/run.py", line 2, in <module>
    from config import Config
  File "/orcd/scratch/orcd/008/ubansal/gcm-interp/config.py", line 9, in <module>
    import yaml
ModuleNotFoundError: No module named 'yaml'
Traceback (most recent call last):
  File "/orcd/scratch/orcd/008/ubansal/gcm-interp/run.py", line 2, in <module>
    from config import Config
  File "/orcd/scratch/orcd/008/ubansal/gcm-interp/config.py", line 9, in <module>
    import yaml
ModuleNotFoundError: No module named 'yaml'
