RM_INTERP_REPO is /home/ubansal/orcd/scratch/gcm-interp

# conda environments:
#
# * -> active
# + -> frozen
base                 *   /home/ubansal/miniconda
syc                      /home/ubansal/miniconda/envs/syc

RM_INTERP_REPO is /home/ubansal/orcd/scratch/gcm-interp
int64
0.02
int64
0.18
int64
0.9
Traceback (most recent call last):
  File "/home/ubansal/miniconda/envs/syc/lib/python3.10/site-packages/pandas/core/indexes/base.py", line 3812, in get_loc
    return self._engine.get_loc(casted_key)
  File "pandas/_libs/index.pyx", line 167, in pandas._libs.index.IndexEngine.get_loc
  File "pandas/_libs/index.pyx", line 196, in pandas._libs.index.IndexEngine.get_loc
  File "pandas/_libs/hashtable_class_helper.pxi", line 7088, in pandas._libs.hashtable.PyObjectHashTable.get_item
  File "pandas/_libs/hashtable_class_helper.pxi", line 7096, in pandas._libs.hashtable.PyObjectHashTable.get_item
KeyError: 'judge_rating'

The above exception was the direct cause of the following exception:

Traceback (most recent call last):
  File "/orcd/scratch/orcd/008/ubansal/gcm-interp/umang_accuracies_para.py", line 230, in <module>
    rel_accuracy = calculate_accuracy(
  File "/orcd/scratch/orcd/008/ubansal/gcm-interp/umang_accuracies_para.py", line 105, in calculate_accuracy
    print(dataset["judge_rating"].dtype)
  File "/home/ubansal/miniconda/envs/syc/lib/python3.10/site-packages/pandas/core/frame.py", line 4113, in __getitem__
    indexer = self.columns.get_loc(key)
  File "/home/ubansal/miniconda/envs/syc/lib/python3.10/site-packages/pandas/core/indexes/base.py", line 3819, in get_loc
    raise KeyError(key) from err
KeyError: 'judge_rating'
