RM_INTERP_REPO is /home/ubansal/orcd/scratch/gcm-interp

# conda environments:
#
# * -> active
# + -> frozen
base                 *   /home/ubansal/miniconda
syc                      /home/ubansal/miniconda/envs/syc

RM_INTERP_REPO is /home/ubansal/orcd/scratch/gcm-interp
['query', 'post-intervention-response', 'original-response', 'filename', 'data_path_query', 'MODEL_ID', 'SOURCE', 'BASE', 'METHOD', 'EVAL_SUB_DIR', 'STEER_SUB_DIR', 'N', 'REPS', 'STEERING_METHOD', 'topk', 'judge_prompt', 'judge_output', 'judge_rating', 'jp_rating']
['query', 'post-intervention-response', 'original-response', 'filename', 'data_path_query', 'MODEL_ID', 'SOURCE', 'BASE', 'METHOD', 'EVAL_SUB_DIR', 'STEER_SUB_DIR', 'N', 'REPS', 'STEERING_METHOD', 'topk', 'fluency_prompt', 'judge_output', 'fluency_rating']
['query', 'post-intervention-response', 'original-response', 'filename', 'data_path_query', 'MODEL_ID', 'SOURCE', 'BASE', 'METHOD', 'EVAL_SUB_DIR', 'STEER_SUB_DIR', 'N', 'REPS', 'STEERING_METHOD', 'topk', 'relevance_prompt', 'judge_output', 'relevance_rating']
                                               query  ... jp_rating
0  system\nYou are a helpful assistant.\nuser\nWr...  ...         1
1  system\nYou are a helpful assistant.\nuser\nGu...  ...         1

[2 rows x 19 columns]
0.52
0.84
0.92
0.88
1.0
0.8
0.96
1.0
0.88
0.98
0.84
0.98
1.0
0.88
0.98
0.9
1.0
1.0
0.9
0.98
0.92
1.0
1.0
0.92
0.98
0.94
1.0
1.0
0.92
0.96
0.98
0.98
1.0
0.72
1.0
0.0
0.02
0.02
0.0
0.96
0.6
0.86
0.96
0.88
1.0
0.86
1.0
1.0
0.9
0.98
0.86
1.0
1.0
0.94
0.98
0.92
1.0
1.0
0.9
1.0
0.94
1.0
1.0
0.84
0.98
0.88
1.0
1.0
0.86
0.98
0.0
0.0
0.0
0.0
1.0
0.36
0.36
0.36
0.0
0.08
0.76
0.96
0.98
0.9
0.98
0.94
0.98
1.0
0.88
0.96
0.88
0.98
1.0
0.92
1.0
0.94
1.0
1.0
0.84
1.0
0.96
0.98
0.98
0.84
1.0
0.94
0.98
0.98
0.82
1.0
0.0
0.0
0.0
0.0
0.0
0.02
0.02
0.02
0.0
0.0
0.78
0.96
1.0
0.92
0.98
0.94
0.98
1.0
0.9
1.0
0.9
0.98
1.0
0.94
0.98
0.92
0.98
1.0
0.82
1.0
0.02
0.02
0.02
0.0
0.04
0.06
0.06
0.06
0.02
0.08
0.0
0.0
0.0
0.0
0.0
0.0
0.0
0.0
0.0
0.0
0.8
1.0
1.0
0.9
0.98
0.96
0.98
1.0
0.92
0.98
0.94
0.98
1.0
0.88
1.0
0.9
0.98
0.98
0.88
1.0
0.02
0.02
0.02
0.0
1.0
0.18
0.18
0.18
0.0
0.98
0.0
0.0
0.0
0.0
0.0
0.0
0.0
0.0
0.0
0.0
0.86
0.98
1.0
0.92
0.98
0.98
1.0
1.0
0.86
1.0
1.0
1.0
1.0
0.92
0.98
0.46
0.46
0.46
0.0
1.0
0.06
0.06
0.06
0.0
1.0
0.36
0.36
0.36
0.0
0.94
0.0
0.0
0.0
0.0
0.0
0.0
0.0
0.0
0.0
0.0
0.84
0.96
0.98
0.92
0.98
0.96
1.0
1.0
0.92
1.0
0.96
0.98
1.0
0.9
1.0
0.04
0.04
0.04
0.0
0.98
0.0
0.0
0.0
0.0
0.98
0.98
0.98
0.98
0.0
0.98
0.0
0.0
0.0
0.0
0.0
0.04
0.04
0.04
0.0
0.0
0.4
0.72
0.88
0.92
1.0
0.44
0.68
0.88
0.9
1.0
0.6
0.9
0.96
0.88
0.98
0.64
0.9
0.98
0.88
0.98
0.52
0.78
0.92
0.9
0.98
0.52
0.82
0.94
0.9
0.98
0.42
0.48
0.66
0.78
1.0
0.08
0.08
0.08
0.0
0.9
0.3
0.66
0.82
0.88
1.0
0.46
0.8
0.92
0.88
0.98
0.56
0.84
0.94
0.84
1.0
0.72
0.94
0.96
0.86
0.96
0.56
0.82
0.9
0.86
0.98
0.56
0.78
0.94
0.84
0.96
0.0
0.0
0.0
0.0
0.94
0.62
0.62
0.62
0.0
0.0
0.58
0.88
0.94
0.9
1.0
0.46
0.7
0.9
0.9
1.0
0.48
0.78
0.92
0.84
0.98
0.62
0.88
1.0
0.84
0.98
0.82
0.84
0.88
0.7
1.0
0.74
0.76
0.78
0.26
0.98
0.12
0.12
0.12
0.0
0.0
0.08
0.08
0.08
0.0
0.0
0.64
0.9
0.96
0.88
1.0
0.4
0.7
0.9
0.9
0.98
0.56
0.78
0.9
0.88
0.98
0.58
0.66
0.8
0.76
0.98
0.0
0.0
0.0
0.0
0.0
0.0
0.0
0.0
0.0
0.0
0.06
0.06
0.06
0.0
0.0
0.02
0.02
0.02
0.0
0.0
0.58
0.82
0.96
0.84
1.0
0.42
0.68
0.9
0.9
0.98
0.5
0.7
0.88
0.84
1.0
0.22
0.24
0.4
0.68
1.0
0.0
0.0
0.0
0.0
0.0
0.96
0.96
0.96
0.0
0.98
0.0
0.0
0.0
0.0
0.0
0.06
0.06
0.06
0.0
0.0
0.5
0.84
0.94
0.84
0.98
0.26
0.54
0.84
0.88
0.96
0.54
0.64
0.9
0.86
1.0
0.0
0.0
0.0
0.0
0.0
0.08
0.08
0.08
0.0
0.84
0.84
0.84
0.84
0.0
0.84
0.02
0.02
0.02
0.0
0.0
0.0
0.0
0.0
0.0
0.0
0.62
0.84
0.96
0.86
0.98
0.34
0.56
0.8
0.9
0.96
0.4
0.52
0.74
0.9
0.98
0.08
0.08
0.08
0.0
0.54
0.08
0.08
0.08
0.0
0.4
0.28
0.28
0.28
0.0
0.18
0.0
0.0
0.0
0.0
0.0
0.0
0.0
0.0
0.0
0.0
0.42
0.64
0.82
0.92
1.0
0.5
0.8
0.88
0.92
1.0
0.54
0.9
0.96
0.9
1.0
0.76
0.96
0.98
0.86
1.0
0.76
0.94
0.98
0.92
0.98
0.74
0.98
1.0
0.9
0.98
0.38
0.38
0.38
0.9
1.0
0.0
0.02
0.02
0.02
0.96
0.44
0.82
0.92
0.86
1.0
0.64
0.88
0.94
0.86
1.0
0.7
0.98
1.0
0.9
0.98
0.76
0.96
1.0
0.9
1.0
0.86
0.98
1.0
0.92
0.98
0.88
0.98
1.0
0.94
0.98
0.02
0.02
0.02
0.1
1.0
0.36
0.36
0.36
0.28
0.08
0.62
0.9
0.98
0.94
1.0
0.74
0.98
1.0
0.9
0.98
0.92
0.98
1.0
0.92
0.98
0.9
0.98
1.0
0.86
0.98
0.98
1.0
1.0
0.84
0.98
0.9
0.98
1.0
0.86
1.0
0.0
0.0
0.0
0.0
0.0
0.02
0.02
0.02
0.0
0.0
0.68
0.92
0.98
0.88
1.0
0.82
1.0
1.0
0.92
0.98
0.94
1.0
1.0
0.92
0.98
0.92
1.0
1.0
0.88
0.98
0.92
0.98
0.98
0.84
0.98
0.94
1.0
1.0
0.92
1.0
0.0
0.0
0.0
0.0
0.0
0.0
0.0
0.0
0.0
0.0
0.78
1.0
1.0
0.88
1.0
0.9
1.0
1.0
0.9
0.98
0.92
1.0
1.0
0.9
1.0
0.96
1.0
1.0
0.86
0.98
0.96
1.0
1.0
0.94
1.0
0.92
0.98
0.98
0.96
1.0
0.0
0.0
0.0
0.0
0.0
0.0
0.0
0.0
0.0
0.0
0.82
1.0
1.0
0.94
1.0
0.9
0.98
1.0
0.88
1.0
0.92
0.98
0.98
0.94
0.96
0.96
1.0
1.0
0.88
1.0
0.9
0.92
0.92
0.94
1.0
0.94
0.96
0.96
0.92
1.0
0.0
0.0
0.0
0.0
0.0
0.0
0.0
0.0
0.0
0.0
0.76
0.94
1.0
0.86
1.0
0.94
0.96
1.0
0.92
1.0
1.0
1.0
1.0
0.98
1.0
0.96
0.98
0.98
0.96
1.0
0.8
0.86
0.9
0.86
1.0
0.92
0.92
0.96
0.92
0.98
0.0
0.0
0.0
0.0
0.0
0.04
0.04
0.04
0.0
0.0
0.38
0.74
0.92
0.88
1.0
0.56
0.74
0.9
0.94
1.0
0.46
0.76
0.92
0.94
1.0
0.6
0.86
0.94
0.9
1.0
0.58
0.9
0.96
0.9
1.0
0.56
0.88
0.98
0.86
1.0
0.14
0.16
0.16
0.04
0.96
0.08
0.08
0.08
0.1
0.9
0.46
0.7
0.9
0.88
1.0
0.6
0.88
0.96
0.94
0.98
0.64
0.9
1.0
0.92
1.0
0.64
0.88
0.98
0.92
0.98
0.62
0.86
0.98
0.9
0.98
0.68
0.86
0.96
0.9
0.98
0.04
0.04
0.04
0.24
0.4
0.62
0.62
0.62
0.0
0.0
0.5
0.76
0.94
0.88
1.0
0.7
0.96
0.98
0.94
0.98
0.76
0.96
1.0
0.94
0.98
0.78
0.94
1.0
0.92
0.96
0.68
0.94
1.0
0.94
0.98
0.7
0.92
0.98
0.92
1.0
0.0
0.0
0.0
0.0
0.0
0.08
0.08
0.08
0.0
0.0
0.58
0.84
0.96
0.9
0.98
0.72
0.92
1.0
0.94
0.98
0.72
0.96
1.0
0.94
0.98
0.82
0.98
1.0
0.9
1.0
0.78
0.96
0.98
0.94
0.98
0.76
0.94
1.0
0.96
0.98
0.22
0.22
0.22
0.0
0.0
0.02
0.02
0.02
0.0
0.0
0.6
0.86
1.0
0.92
0.98
0.82
0.96
1.0
0.96
0.98
0.76
0.98
1.0
0.94
0.98
0.8
1.0
1.0
0.94
1.0
0.8
0.94
1.0
0.94
0.98
0.72
0.88
0.96
0.96
0.98
0.28
0.28
0.28
0.0
0.0
0.06
0.06
0.06
0.0
0.0
0.58
0.8
0.98
0.86
1.0
0.84
0.94
1.0
0.92
1.0
0.7
0.88
0.98
0.9
1.0
0.78
0.92
0.98
0.96
0.98
0.52
0.6
0.78
0.96
0.98
0.52
0.62
0.72
0.94
1.0
0.1
0.1
0.1
0.0
0.0
0.0
0.0
0.0
0.0
0.0
0.54
0.82
0.98
0.88
1.0
0.76
0.98
1.0
0.92
1.0
0.68
0.8
0.96
0.9
0.98
0.74
0.76
0.94
0.86
1.0
0.26
0.3
0.36
0.8
0.98
0.26
0.28
0.34
0.86
1.0
0.06
0.06
0.06
0.0
0.0
0.0
0.0
0.0
0.0
0.0
