Family: extraversion->introversion  model=gemma-3-12b-it  method=atp
Running 8 of 8 cells (2 localizations x 2 eval x 2 steer):
  - from_extraversion-long_to_introversion-long | extraversion-long_eval | extraversion-long_steer
  - from_extraversion-long_to_introversion-long | extraversion-long_eval | extraversion-single_steer
  - from_extraversion-long_to_introversion-long | extraversion-single_eval | extraversion-long_steer
  - from_extraversion-long_to_introversion-long | extraversion-single_eval | extraversion-single_steer
  - from_extraversion-single_to_introversion-single | extraversion-long_eval | extraversion-long_steer
  - from_extraversion-single_to_introversion-single | extraversion-long_eval | extraversion-single_steer
  - from_extraversion-single_to_introversion-single | extraversion-single_eval | extraversion-long_steer
  - from_extraversion-single_to_introversion-single | extraversion-single_eval | extraversion-single_steer
======================================================================
STAGE: merge
  cell: from_extraversion-long_to_introversion-long | extraversion-long_eval | extraversion-long_steer
    merge: 56 files -> (2800, 16) rows  (/orcd/scratch/orcd/008/ubansal/gcm-interp/eval_pipeline/gemma-3-12b-it/from_extraversion-long_to_introversion-long/atp/extraversion-long_eval/extraversion-long_steer/merged_eval_outputs.csv)
  cell: from_extraversion-long_to_introversion-long | extraversion-long_eval | extraversion-single_steer
    merge: 56 files -> (2800, 16) rows  (/orcd/scratch/orcd/008/ubansal/gcm-interp/eval_pipeline/gemma-3-12b-it/from_extraversion-long_to_introversion-long/atp/extraversion-long_eval/extraversion-single_steer/merged_eval_outputs.csv)
  cell: from_extraversion-long_to_introversion-long | extraversion-single_eval | extraversion-long_steer
    merge: 56 files -> (2800, 16) rows  (/orcd/scratch/orcd/008/ubansal/gcm-interp/eval_pipeline/gemma-3-12b-it/from_extraversion-long_to_introversion-long/atp/extraversion-single_eval/extraversion-long_steer/merged_eval_outputs.csv)
  cell: from_extraversion-long_to_introversion-long | extraversion-single_eval | extraversion-single_steer
    merge: 56 files -> (2800, 16) rows  (/orcd/scratch/orcd/008/ubansal/gcm-interp/eval_pipeline/gemma-3-12b-it/from_extraversion-long_to_introversion-long/atp/extraversion-single_eval/extraversion-single_steer/merged_eval_outputs.csv)
  cell: from_extraversion-single_to_introversion-single | extraversion-long_eval | extraversion-long_steer
    merge: 56 files -> (2800, 16) rows  (/orcd/scratch/orcd/008/ubansal/gcm-interp/eval_pipeline/gemma-3-12b-it/from_extraversion-single_to_introversion-single/atp/extraversion-long_eval/extraversion-long_steer/merged_eval_outputs.csv)
  cell: from_extraversion-single_to_introversion-single | extraversion-long_eval | extraversion-single_steer
    merge: 56 files -> (2800, 16) rows  (/orcd/scratch/orcd/008/ubansal/gcm-interp/eval_pipeline/gemma-3-12b-it/from_extraversion-single_to_introversion-single/atp/extraversion-long_eval/extraversion-single_steer/merged_eval_outputs.csv)
  cell: from_extraversion-single_to_introversion-single | extraversion-single_eval | extraversion-long_steer
Traceback (most recent call last):
  File "/orcd/scratch/orcd/008/ubansal/gcm-interp/eval_pipeline_persona.py", line 691, in <module>
    main()
  File "/orcd/scratch/orcd/008/ubansal/gcm-interp/eval_pipeline_persona.py", line 684, in main
    fn(cell)
  File "/orcd/scratch/orcd/008/ubansal/gcm-interp/eval_pipeline_persona.py", line 216, in stage_merge
    _require(cell.gen_dir, "results-eval-folder")
  File "/orcd/scratch/orcd/008/ubansal/gcm-interp/eval_pipeline_persona.py", line 179, in _require
    raise FileNotFoundError(f"[{what}] required path does not exist: {path}")
FileNotFoundError: [results-eval-folder] required path does not exist: /orcd/scratch/orcd/008/ubansal/gcm-interp/results/gemma-3-12b-it/from_extraversion-single_to_introversion-single/atp/extraversion-single_eval/extraversion-long_steer/eval
