Family: lying->truthful  model=OLMo-2-1124-13B-DPO  method=atp
Running 8 of 8 cells (2 localizations x 2 eval x 2 steer):
  - from_lying-long_to_truthful-long | lying-long_eval | lying-long_steer
  - from_lying-long_to_truthful-long | lying-long_eval | lying-single_steer
  - from_lying-long_to_truthful-long | lying-single_eval | lying-long_steer
  - from_lying-long_to_truthful-long | lying-single_eval | lying-single_steer
  - from_lying-single_to_truthful-single | lying-long_eval | lying-long_steer
  - from_lying-single_to_truthful-single | lying-long_eval | lying-single_steer
  - from_lying-single_to_truthful-single | lying-single_eval | lying-long_steer
  - from_lying-single_to_truthful-single | lying-single_eval | lying-single_steer
======================================================================
STAGE: merge
  cell: from_lying-long_to_truthful-long | lying-long_eval | lying-long_steer
Traceback (most recent call last):
  File "/orcd/scratch/orcd/008/ubansal/gcm-interp/eval_pipeline_fact.py", line 705, in <module>
    main()
  File "/orcd/scratch/orcd/008/ubansal/gcm-interp/eval_pipeline_fact.py", line 698, in main
    fn(cell)
  File "/orcd/scratch/orcd/008/ubansal/gcm-interp/eval_pipeline_fact.py", line 215, in stage_merge
    _require(cell.gen_dir, "results-eval-folder")
  File "/orcd/scratch/orcd/008/ubansal/gcm-interp/eval_pipeline_fact.py", line 178, in _require
    raise FileNotFoundError(f"[{what}] required path does not exist: {path}")
FileNotFoundError: [results-eval-folder] required path does not exist: /orcd/scratch/orcd/008/ubansal/gcm-interp/results/OLMo-2-1124-13B-DPO/from_lying-long_to_truthful-long/atp/lying-long_eval/lying-long_steer/eval
