RM_INTERP_REPO is /home/ubansal/orcd/scratch/gcm-interp

# conda environments:
#
# * -> active
# + -> frozen
base                 *   /home/ubansal/miniconda
syc                      /home/ubansal/miniconda/envs/syc

RM_INTERP_REPO is /home/ubansal/orcd/scratch/gcm-interp
22400
22400
22400
22400
0.0
0.0
0.02
0.0
0.0
0.02
1.0
1.0
0.02
0.02
0.02
0.02
0.02
0.02
1.0
1.0
0.02
0.02
0.04
0.02
0.02
0.04
1.0
1.0
0.02
0.02
0.02
0.02
0.02
0.02
1.0
1.0
0.04
0.06
0.08
0.04
0.06
0.08
1.0
1.0
0.06
0.08
0.08
0.06
0.08
0.08
1.0
1.0
0.04
0.04
0.04
0.04
0.04
0.04
0.0
0.0
0.8
0.8
0.8
0.8
0.8
0.8
0.0
0.02
0.0
0.0
0.02
0.0
0.0
0.02
1.0
1.0
0.02
0.02
0.02
0.02
0.02
0.02
1.0
1.0
0.06
0.1
0.12
0.06
0.1
0.12
1.0
1.0
0.16
0.22
0.22
0.16
0.22
0.22
0.98
1.0
0.24
0.34
0.34
0.24
0.34
0.34
0.98
1.0
0.32
0.38
0.4
0.32
0.38
0.4
0.98
1.0
0.48
0.48
0.48
0.48
0.48
0.48
0.0
0.18
0.28
0.28
0.28
0.28
0.28
0.28
0.0
0.24
0.0
0.02
0.04
0.0
0.02
0.04
0.98
1.0
0.16
0.22
0.22
0.16
0.22
0.22
0.98
1.0
0.48
0.5
0.5
0.48
0.5
0.5
0.92
0.98
0.98
0.98
0.98
0.98
0.98
0.98
0.8
1.0
1.0
1.0
1.0
1.0
1.0
1.0
0.7
1.0
0.98
0.98
0.98
0.98
0.98
0.98
0.72
0.98
0.8
0.8
0.8
0.8
0.8
0.8
0.0
0.2
0.32
0.32
0.32
0.32
0.32
0.32
0.0
0.0
0.0
0.0
0.0
0.0
0.0
0.0
1.0
1.0
0.32
0.38
0.38
0.32
0.38
0.38
0.96
0.98
0.86
0.86
0.86
0.86
0.86
0.86
0.88
1.0
0.98
1.0
1.0
0.98
1.0
1.0
0.64
1.0
1.0
1.0
1.0
1.0
1.0
1.0
0.46
1.0
1.0
1.0
1.0
1.0
1.0
1.0
0.14
1.0
0.46
0.46
0.46
0.46
0.46
0.46
0.0
0.0
0.4
0.4
0.4
0.4
0.4
0.4
0.0
0.0
0.02
0.02
0.02
0.02
0.02
0.02
1.0
1.0
0.54
0.58
0.58
0.54
0.58
0.58
0.94
1.0
0.92
0.96
0.96
0.92
0.96
0.96
0.78
1.0
1.0
1.0
1.0
1.0
1.0
1.0
0.52
1.0
1.0
1.0
1.0
1.0
1.0
1.0
0.02
1.0
0.86
0.86
0.86
0.86
0.86
0.86
0.0
0.84
0.26
0.26
0.26
0.26
0.26
0.26
0.0
0.0
0.4
0.4
0.4
0.4
0.4
0.4
0.0
0.0
0.02
0.06
0.06
0.02
0.06
0.06
1.0
1.0
0.9
0.94
0.94
0.9
0.94
0.94
0.78
1.0
0.98
0.98
0.98
0.98
0.98
0.98
0.64
1.0
0.98
0.98
0.98
0.98
0.98
0.98
0.2
1.0
0.04
0.04
0.04
0.04
0.04
0.04
0.0
1.0
0.92
0.92
0.92
0.92
0.92
0.92
0.0
1.0
0.0
0.0
0.0
0.0
0.0
0.0
0.0
0.0
0.72
0.72
0.72
0.72
0.72
0.72
0.0
0.0
0.08
0.12
0.12
0.08
0.12
0.12
1.0
1.0
0.98
0.98
0.98
0.98
0.98
0.98
0.82
1.0
0.98
0.98
0.98
0.98
0.98
0.98
0.4
1.0
0.86
0.86
0.86
0.86
0.86
0.86
0.02
0.82
0.6
0.6
0.6
0.6
0.6
0.6
0.06
0.9
0.32
0.32
0.32
0.32
0.32
0.32
0.0
0.92
0.14
0.14
0.14
0.14
0.14
0.14
0.0
0.0
0.36
0.36
0.36
0.36
0.36
0.36
0.0
0.0
0.0
0.02
0.06
0.0
0.02
0.06
1.0
1.0
0.0
0.02
0.04
0.0
0.02
0.04
1.0
1.0
0.02
0.02
0.04
0.02
0.02
0.04
1.0
1.0
0.02
0.02
0.04
0.02
0.02
0.04
1.0
1.0
0.02
0.04
0.06
0.02
0.04
0.06
1.0
1.0
0.02
0.02
0.06
0.02
0.02
0.06
1.0
1.0
0.04
0.04
0.04
0.04
0.04
0.04
0.0
0.0
0.48
0.48
0.48
0.48
0.48
0.48
0.0
0.58
0.0
0.0
0.06
0.0
0.0
0.06
1.0
1.0
0.02
0.02
0.04
0.02
0.02
0.04
1.0
1.0
0.06
0.06
0.1
0.06
0.06
0.1
1.0
1.0
0.18
0.22
0.24
0.18
0.22
0.24
0.98
1.0
0.22
0.26
0.26
0.22
0.26
0.26
1.0
1.0
0.22
0.28
0.28
0.22
0.28
0.28
0.98
1.0
0.76
0.76
0.76
0.76
0.76
0.76
0.02
0.04
0.56
0.56
0.56
0.56
0.56
0.56
0.0
0.04
0.0
0.0
0.02
0.0
0.0
0.02
0.98
1.0
0.12
0.2
0.22
0.12
0.2
0.22
1.0
1.0
0.4
0.44
0.46
0.4
0.44
0.46
0.94
1.0
1.0
1.0
1.0
1.0
1.0
1.0
0.8
0.98
1.0
1.0
1.0
1.0
1.0
1.0
0.68
1.0
0.96
0.96
0.96
0.96
0.96
0.96
0.6
1.0
0.4
0.4
0.4
0.4
0.4
0.4
0.0
0.0
0.68
0.68
0.68
0.68
0.68
0.68
0.06
0.0
0.0
0.0
0.0
0.0
0.0
0.0
1.0
1.0
0.2
0.24
0.24
0.2
0.24
0.24
0.98
1.0
0.82
0.9
0.9
0.82
0.9
0.9
0.84
1.0
1.0
1.0
1.0
1.0
1.0
1.0
0.6
1.0
0.98
0.98
0.98
0.98
0.98
0.98
0.54
1.0
0.96
0.96
0.96
0.96
0.96
0.96
0.32
1.0
0.88
0.88
0.88
0.88
0.88
0.88
0.0
0.0
0.56
0.56
0.56
0.56
0.56
0.56
0.0
0.0
0.02
0.02
0.04
0.02
0.02
0.04
1.0
1.0
0.44
0.48
0.5
0.44
0.48
0.5
0.94
1.0
0.98
0.98
0.98
0.98
0.98
0.98
0.84
1.0
1.0
1.0
1.0
1.0
1.0
1.0
0.44
1.0
0.94
0.94
0.94
0.94
0.94
0.94
0.18
0.98
0.96
0.96
0.96
0.96
0.96
0.96
0.0
0.92
0.48
0.48
0.48
0.48
0.48
0.48
0.0
0.0
0.02
0.02
0.02
0.02
0.02
0.02
0.0
0.0
0.02
0.04
0.04
0.02
0.04
0.04
1.0
1.0
0.96
0.96
0.96
0.96
0.96
0.96
0.76
1.0
1.0
1.0
1.0
1.0
1.0
1.0
0.52
1.0
0.94
0.94
0.94
0.94
0.94
0.94
0.16
1.0
0.54
0.54
0.54
0.54
0.54
0.54
0.0
0.04
0.04
0.04
0.04
0.04
0.04
0.04
0.0
0.0
0.18
0.18
0.18
0.18
0.18
0.18
0.0
0.0
0.26
0.26
0.26
0.26
0.26
0.26
0.0
0.0
0.1
0.12
0.14
0.1
0.12
0.14
1.0
1.0
1.0
1.0
1.0
1.0
1.0
1.0
0.62
1.0
0.98
0.98
0.98
0.98
0.98
0.98
0.32
1.0
0.5
0.5
0.5
0.5
0.5
0.5
0.02
0.66
0.96
0.96
0.96
0.96
0.96
0.96
0.0
0.08
1.0
1.0
1.0
1.0
1.0
1.0
0.0
1.0
0.38
0.38
0.38
0.38
0.38
0.38
0.0
0.0
0.3
0.3
0.3
0.3
0.3
0.3
0.0
0.0
0.02
0.02
0.02
0.02
0.02
0.02
1.0
1.0
0.0
0.0
0.04
0.0
0.0
0.04
1.0
1.0
0.02
0.02
0.02
0.02
0.02
0.02
0.98
1.0
0.02
0.02
0.02
0.02
0.02
0.02
1.0
1.0
0.02
0.02
0.04
0.02
0.02
0.04
0.98
1.0
0.02
0.02
0.02
0.02
0.02
0.02
1.0
1.0
0.04
0.04
0.04
0.04
0.04
0.04
0.0
0.0
0.8
0.8
0.8
0.8
0.8
0.8
0.0
0.02
0.0
0.02
0.04
0.0
0.02
0.04
1.0
1.0
0.02
0.02
0.02
0.02
0.02
0.02
0.98
1.0
0.02
0.02
0.02
0.02
0.02
0.02
1.0
1.0
0.04
0.06
0.06
0.04
0.06
0.06
1.0
1.0
0.1
0.18
0.22
0.1
0.18
0.22
0.94
1.0
0.1
0.2
0.24
0.1
0.2
0.24
0.94
1.0
0.82
0.82
0.82
0.82
0.82
0.82
0.0
0.46
0.28
0.28
0.28
0.28
0.28
0.28
0.0
0.24
0.02
0.02
0.04
0.02
0.02
0.04
0.98
1.0
0.02
0.06
0.06
0.02
0.06
0.06
0.98
1.0
0.14
0.22
0.22
0.14
0.22
0.22
0.98
1.0
0.28
0.38
0.38
0.28
0.38
0.38
0.92
1.0
0.48
0.6
0.62
0.48
0.6
0.62
0.88
1.0
0.56
0.6
0.6
0.56
0.6
0.6
0.88
1.0
0.46
0.46
0.46
0.46
0.46
0.46
0.0
0.0
0.32
0.32
0.32
0.32
0.32
0.32
0.0
0.0
0.02
0.02
0.04
0.02
0.02
0.04
1.0
1.0
0.08
0.12
0.12
0.08
0.12
0.12
0.98
1.0
0.18
0.3
0.3
0.18
0.3
0.3
0.96
1.0
0.44
0.54
0.56
0.44
0.54
0.56
0.88
1.0
0.86
0.9
0.9
0.86
0.9
0.9
0.78
1.0
0.9
0.98
0.98
0.9
0.98
0.98
0.76
1.0
0.46
0.46
0.46
0.46
0.46
0.46
0.0
0.0
0.4
0.4
0.4
0.4
0.4
0.4
0.0
0.0
0.02
0.02
0.04
0.02
0.02
0.04
0.98
1.0
0.12
0.18
0.18
0.12
0.18
0.18
0.98
1.0
0.26
0.44
0.46
0.26
0.44
0.46
0.94
1.0
0.62
0.74
0.74
0.62
0.74
0.74
0.84
1.0
0.98
1.0
1.0
0.98
1.0
1.0
0.66
1.0
0.98
1.0
1.0
0.98
1.0
1.0
0.66
1.0
0.36
0.36
0.36
0.36
0.36
0.36
0.0
0.0
0.4
0.4
0.4
0.4
0.4
0.4
0.0
0.0
0.02
0.02
0.02
0.02
0.02
0.02
1.0
1.0
0.2
0.38
0.38
0.2
0.38
0.38
0.94
1.0
0.42
0.62
0.62
0.42
0.62
0.62
0.92
1.0
0.88
0.98
0.98
0.88
0.98
0.98
0.7
1.0
0.98
1.0
1.0
0.98
1.0
1.0
0.58
1.0
0.96
1.0
1.0
0.96
1.0
1.0
0.52
0.98
0.28
0.28
0.28
0.28
0.28
0.28
0.0
0.0
0.72
0.72
0.72
0.72
0.72
0.72
0.0
0.0
0.04
0.08
0.08
0.04
0.08
0.08
0.98
1.0
0.26
0.48
0.48
0.26
0.48
0.48
0.92
1.0
0.58
0.8
0.8
0.58
0.8
0.8
0.88
1.0
0.94
1.0
1.0
0.94
1.0
1.0
0.62
1.0
0.96
0.98
0.98
0.96
0.98
0.98
0.4
1.0
0.96
0.98
0.98
0.96
0.98
0.98
0.46
0.98
0.2
0.2
0.2
0.2
0.2
0.2
0.0
0.0
0.36
0.36
0.36
0.36
0.36
0.36
0.0
0.0
0.0
0.02
0.04
0.0
0.02
0.04
1.0
1.0
0.0
0.02
0.04
0.0
0.02
0.04
1.0
1.0
0.0
0.02
0.04
0.0
0.02
0.04
1.0
1.0
0.02
0.02
0.04
0.02
0.02
0.04
0.98
1.0
0.02
0.02
0.02
0.02
0.02
0.02
0.98
1.0
0.02
0.02
0.02
0.02
0.02
0.02
1.0
1.0
0.04
0.04
0.04
0.04
0.04
0.04
0.0
0.0
0.48
0.48
0.48
0.48
0.48
0.48
0.0
0.58
0.0
0.0
0.0
0.0
0.0
0.0
1.0
1.0
0.02
0.02
0.02
0.02
0.02
0.02
0.98
1.0
0.02
0.02
0.02
0.02
0.02
0.02
1.0
1.0
0.02
0.02
0.02
0.02
0.02
0.02
1.0
1.0
0.06
0.1
0.1
0.06
0.1
0.1
0.98
1.0
0.08
0.12
0.12
0.08
0.12
0.12
0.98
1.0
0.52
0.52
0.52
0.52
0.52
0.52
0.0
1.0
0.56
0.56
0.56
0.56
0.56
0.56
0.0
0.04
0.0
0.02
0.02
0.0
0.02
0.02
1.0
1.0
0.02
0.04
0.06
0.02
0.04
0.06
0.98
1.0
0.08
0.12
0.12
0.08
0.12
0.12
0.96
1.0
0.22
0.34
0.34
0.22
0.34
0.34
0.94
1.0
0.36
0.44
0.44
0.36
0.44
0.44
0.88
1.0
0.48
0.58
0.58
0.48
0.58
0.58
0.88
0.98
0.46
0.46
0.46
0.46
0.46
0.46
0.0
0.0
0.68
0.68
0.68
0.68
0.68
0.68
0.0
0.0
0.0
0.0
0.02
0.0
0.0
0.02
1.0
1.0
0.04
0.08
0.1
0.04
0.08
0.1
0.98
1.0
0.2
0.28
0.28
0.2
0.28
0.28
0.96
1.0
0.34
0.46
0.48
0.34
0.46
0.48
0.92
1.0
0.84
0.88
0.88
0.84
0.88
0.88
0.78
1.0
0.84
0.9
0.9
0.84
0.9
0.9
0.74
1.0
0.72
0.72
0.72
0.72
0.72
0.72
0.0
0.0
0.56
0.56
0.56
0.56
0.56
0.56
0.0
0.0
0.0
0.0
0.02
0.0
0.0
0.02
1.0
1.0
0.06
0.1
0.12
0.06
0.1
0.12
0.96
1.0
0.26
0.4
0.4
0.26
0.4
0.4
0.9
1.0
0.62
0.74
0.74
0.62
0.74
0.74
0.78
1.0
0.92
1.0
1.0
0.92
1.0
1.0
0.64
1.0
0.92
1.0
1.0
0.92
1.0
1.0
0.6
1.0
0.16
0.16
0.16
0.16
0.16
0.16
0.0
0.0
0.02
0.02
0.02
0.02
0.02
0.02
0.0
0.0
0.02
0.02
0.04
0.02
0.02
0.04
1.0
1.0
0.18
0.26
0.28
0.18
0.26
0.28
0.98
1.0
0.58
0.68
0.68
0.58
0.68
0.68
0.82
1.0
0.9
1.0
1.0
0.9
1.0
1.0
0.68
1.0
1.0
1.0
1.0
1.0
1.0
1.0
0.58
1.0
0.98
1.0
1.0
0.98
1.0
1.0
0.54
1.0
0.4
0.4
0.4
0.4
0.4
0.4
0.0
0.0
0.26
0.26
0.26
0.26
0.26
0.26
0.0
0.0
0.02
0.02
0.02
0.02
0.02
0.02
0.98
1.0
0.34
0.46
0.46
0.34
0.46
0.46
0.92
1.0
0.86
0.92
0.92
0.86
0.92
0.92
0.72
1.0
0.96
1.0
1.0
0.96
1.0
1.0
0.56
1.0
0.98
1.0
1.0
0.98
1.0
1.0
0.48
1.0
0.98
1.0
1.0
0.98
1.0
1.0
0.5
1.0
0.2
0.2
0.2
0.2
0.2
0.2
0.0
0.0
0.3
0.3
0.3
0.3
0.3
0.3
0.0
0.0
